// Jest Snapshot v1, https://goo.gl/fbAQLP

exports[`should get all formats 1`] = `
Array [
  Object {
    "code": "VI",
    "name": "vintage",
  },
  Object {
    "code": "LE",
    "name": "legacy",
  },
  Object {
    "code": "MO",
    "name": "modern",
  },
  Object {
    "code": "PI",
    "name": "pioneer",
  },
  Object {
    "code": "ST",
    "name": "standard",
  },
  Object {
    "code": "EDH",
    "name": "commander",
  },
  Object {
    "code": "PAU",
    "name": "pauper",
  },
  Object {
    "code": "PEA",
    "name": "peasant",
  },
  Object {
    "code": "BL",
    "name": "block",
  },
  Object {
    "code": "EX",
    "name": "extended",
  },
  Object {
    "code": "HIGH",
    "name": "highlander",
  },
  Object {
    "code": "CHL",
    "name": "canadian highlander",
  },
]
`;

exports[`should get events for a format 1`] = `
Array [
  Object {
    "id": 26659,
    "name": "Event @ Hareruya (Japan)",
  },
  Object {
    "id": 26636,
    "name": "Deluxe Cup  @ Hareruya (Japan)",
  },
  Object {
    "id": 26658,
    "name": "Manatraders Series Modern 15K",
  },
  Object {
    "id": 26606,
    "name": "MTGO Modern League",
  },
  Object {
    "id": 26611,
    "name": "Four Tops @ Hareruya (Japan)",
  },
  Object {
    "id": 26619,
    "name": "MTGO Modern Preliminary",
  },
  Object {
    "id": 26672,
    "name": "FNM @ Hareruya (Japan)",
  },
  Object {
    "id": 26844,
    "name": "Modern Leaders #05 @ Magic Mage Masters (Switzerland)",
  },
  Object {
    "id": 26583,
    "name": "Weekday Event @ Hareruya (Japan)",
  },
  Object {
    "id": 26535,
    "name": "MTGO Modern Champs #12182511",
  },
]
`;

exports[`should get one format 1`] = `
Format {
  "archetypes": Array [
    Object {
      "count": 43,
      "id": 23,
      "name": "Canadian Threshold",
    },
    Object {
      "count": 29,
      "id": 213,
      "name": "UR Delver",
    },
    Object {
      "count": 25,
      "id": 18,
      "name": "Goblins",
    },
    Object {
      "count": 21,
      "id": 319,
      "name": "Death & Taxes",
    },
    Object {
      "count": 16,
      "id": 553,
      "name": "Eldrazi Aggro",
    },
    Object {
      "count": 15,
      "id": 898,
      "name": "Ninja",
    },
    Object {
      "count": 8,
      "id": 78,
      "name": "Dragon Stompy",
    },
    Object {
      "count": 7,
      "id": 19,
      "name": "Merfolk",
    },
    Object {
      "count": 6,
      "id": 915,
      "name": "Esper Vial",
    },
    Object {
      "count": 6,
      "id": 149,
      "name": "Delver (Other)",
    },
    Object {
      "count": 6,
      "id": 479,
      "name": "Grixis Delver",
    },
    Object {
      "count": 5,
      "id": 772,
      "name": "Death's Shadow",
    },
    Object {
      "count": 5,
      "id": 20,
      "name": "Burn",
    },
    Object {
      "count": 5,
      "id": 811,
      "name": "Arclight Phoenix",
    },
    Object {
      "count": 4,
      "id": 95,
      "name": "Slivers",
    },
    Object {
      "count": 4,
      "id": 128,
      "name": "Maverick",
    },
    Object {
      "count": 2,
      "id": 44,
      "name": "Bant Aggro",
    },
    Object {
      "count": 1,
      "id": 798,
      "name": "Humans",
    },
    Object {
      "count": 1,
      "id": 301,
      "name": "Jund",
    },
    Object {
      "count": 1,
      "id": 338,
      "name": "Patriot Aggro",
    },
    Object {
      "count": 1,
      "id": 133,
      "name": "Pikula",
    },
    Object {
      "count": 1,
      "id": 56,
      "name": "Other - Aggro",
    },
    Object {
      "count": 18,
      "id": 36,
      "name": "Lands",
    },
    Object {
      "count": 17,
      "id": 766,
      "name": "4c Control",
    },
    Object {
      "count": 13,
      "id": 883,
      "name": "Bant Control",
    },
    Object {
      "count": 10,
      "id": 24,
      "name": "Loam",
    },
    Object {
      "count": 7,
      "id": 473,
      "name": "Artifacts Blue",
    },
    Object {
      "count": 6,
      "id": 172,
      "name": "Stoneblade",
    },
    Object {
      "count": 5,
      "id": 34,
      "name": "Landstill",
    },
    Object {
      "count": 5,
      "id": 217,
      "name": "Nic Fit",
    },
    Object {
      "count": 4,
      "id": 242,
      "name": "UWx Control",
    },
    Object {
      "count": 2,
      "id": 79,
      "name": "The Rock (Junk)",
    },
    Object {
      "count": 2,
      "id": 86,
      "name": "BUG Midrange",
    },
    Object {
      "count": 1,
      "id": 85,
      "name": "Dreadstill",
    },
    Object {
      "count": 1,
      "id": 88,
      "name": "Pox",
    },
    Object {
      "count": 1,
      "id": 178,
      "name": "BUG Control",
    },
    Object {
      "count": 1,
      "id": 478,
      "name": "Grixis Control",
    },
    Object {
      "count": 6,
      "id": 61,
      "name": "Other - Control",
    },
    Object {
      "count": 32,
      "id": 555,
      "name": "Dark Depths",
    },
    Object {
      "count": 26,
      "id": 33,
      "name": "Show and Tell",
    },
    Object {
      "count": 17,
      "id": 32,
      "name": "Reanimator",
    },
    Object {
      "count": 15,
      "id": 35,
      "name": "Storm",
    },
    Object {
      "count": 13,
      "id": 38,
      "name": "Elves",
    },
    Object {
      "count": 13,
      "id": 376,
      "name": "Cloudpost Ramp",
    },
    Object {
      "count": 13,
      "id": 161,
      "name": "Doomsday",
    },
    Object {
      "count": 11,
      "id": 21,
      "name": "Dredge",
    },
    Object {
      "count": 10,
      "id": 82,
      "name": "Aluren",
    },
    Object {
      "count": 8,
      "id": 851,
      "name": "Hogaak",
    },
    Object {
      "count": 6,
      "id": 87,
      "name": "Painter",
    },
    Object {
      "count": 5,
      "id": 773,
      "name": "Bomberman",
    },
    Object {
      "count": 4,
      "id": 368,
      "name": "Food Griffin",
    },
    Object {
      "count": 3,
      "id": 83,
      "name": "Belcher",
    },
    Object {
      "count": 2,
      "id": 96,
      "name": "Cephalid Breakfast",
    },
    Object {
      "count": 2,
      "id": 98,
      "name": "Infect",
    },
    Object {
      "count": 1,
      "id": 563,
      "name": "Mono Red Combo",
    },
    Object {
      "count": 1,
      "id": 91,
      "name": "Enchantress",
    },
    Object {
      "count": 1,
      "id": 66,
      "name": "Other - Combo",
    },
  ],
  "code": "LE",
  "name": "legacy",
}
`;
